// Jest Snapshot v1, https://goo.gl/fbAQLP

exports[`renders main item component 1`] = `null`;
