// Jest Snapshot v1, https://goo.gl/fbAQLP

exports[`renders main app component 1`] = `
<div
  className="sc-fodVxV hsmcBT"
>
  <div
    className="sc-hKgILt fMdiMg"
  >
    <a
      aria-current="page"
      className="sc-bdfBwQ ffIExw"
      href="/"
      onClick={[Function]}
    />
    <div
      className="sc-dlfnbm gZbAzm"
    >
      <a
        className="sc-gsTCUz kFfCfV"
        href="/item/1"
        onClick={[Function]}
      >
        item1
      </a>
      <a
        className="sc-gsTCUz kFfCfV"
        href="/item/2"
        onClick={[Function]}
      >
        item2
      </a>
      <a
        className="sc-gsTCUz kFfCfV"
        href="/item/3"
        onClick={[Function]}
      >
        item3
      </a>
    </div>
  </div>
  <div
    style={
      Object {
        "outline": "none",
      }
    }
    tabIndex="-1"
  >
    <div
      className="MuiPaper-root sc-bqyKva RDuwO MuiPaper-elevation6 MuiPaper-rounded"
    >
      <form
        action="#"
        onReset={[Function]}
        onSubmit={[Function]}
      >
        <div
          className="sc-fubCfw ckKpSz"
        >
          <div
            className="sc-iBPRYJ ditVFc"
          >
            The QuickBook Calculator
          </div>
          <div
            className="sc-pFZIQ gGRcEX"
          >
            <div
              className="MuiFormControl-root MuiTextField-root sc-jrAGrp eaaRfo MuiFormControl-fullWidth"
            >
              <label
                className="MuiFormLabel-root MuiInputLabel-root MuiInputLabel-formControl MuiInputLabel-animated MuiInputLabel-shrink MuiInputLabel-outlined MuiFormLabel-filled"
                data-shrink={true}
                htmlFor="income"
                id="income-label"
              >
                Income from sales
              </label>
              <div
                className="MuiInputBase-root MuiOutlinedInput-root MuiInputBase-fullWidth MuiInputBase-formControl"
                onClick={[Function]}
              >
                <input
                  aria-invalid={false}
                  autoFocus={false}
                  className="MuiInputBase-input MuiOutlinedInput-input"
                  disabled={false}
                  id="income"
                  name="income"
                  onAnimationStart={[Function]}
                  onBlur={[Function]}
                  onChange={[Function]}
                  onFocus={[Function]}
                  required={false}
                  type="number"
                  value={0}
                />
                <fieldset
                  aria-hidden={true}
                  className="PrivateNotchedOutline-root-1 MuiOutlinedInput-notchedOutline"
                >
                  <legend
                    className="PrivateNotchedOutline-legendLabelled-3 PrivateNotchedOutline-legendNotched-4"
                  >
                    <span>
                      Income from sales
                    </span>
                  </legend>
                </fieldset>
              </div>
            </div>
          </div>
          <div
            className="sc-pFZIQ gGRcEX"
          >
            <div
              className="MuiFormControl-root MuiTextField-root sc-jrAGrp eaaRfo MuiFormControl-fullWidth"
            >
              <label
                className="MuiFormLabel-root MuiInputLabel-root MuiInputLabel-formControl MuiInputLabel-animated MuiInputLabel-shrink MuiInputLabel-outlined MuiFormLabel-filled"
                data-shrink={true}
                htmlFor="construction"
                id="construction-label"
              >
                Construction
              </label>
              <div
                className="MuiInputBase-root MuiOutlinedInput-root MuiInputBase-fullWidth MuiInputBase-formControl"
                onClick={[Function]}
              >
                <input
                  aria-invalid={false}
                  autoFocus={false}
                  className="MuiInputBase-input MuiOutlinedInput-input"
                  disabled={false}
                  id="construction"
                  name="construction"
                  onAnimationStart={[Function]}
                  onBlur={[Function]}
                  onChange={[Function]}
                  onFocus={[Function]}
                  required={false}
                  type="number"
                  value={0}
                />
                <fieldset
                  aria-hidden={true}
                  className="PrivateNotchedOutline-root-1 MuiOutlinedInput-notchedOutline"
                >
                  <legend
                    className="PrivateNotchedOutline-legendLabelled-3 PrivateNotchedOutline-legendNotched-4"
                  >
                    <span>
                      Construction
                    </span>
                  </legend>
                </fieldset>
              </div>
            </div>
          </div>
          <div
            className="sc-pFZIQ gGRcEX"
          >
            <div
              className="MuiFormControl-root MuiTextField-root sc-jrAGrp eaaRfo MuiFormControl-fullWidth"
            >
              <label
                className="MuiFormLabel-root MuiInputLabel-root MuiInputLabel-formControl MuiInputLabel-animated MuiInputLabel-shrink MuiInputLabel-outlined MuiFormLabel-filled"
                data-shrink={true}
                htmlFor="commisions"
                id="commisions-label"
              >
                Commisions
              </label>
              <div
                className="MuiInputBase-root MuiOutlinedInput-root MuiInputBase-fullWidth MuiInputBase-formControl"
                onClick={[Function]}
              >
                <input
                  aria-invalid={false}
                  autoFocus={false}
                  className="MuiInputBase-input MuiOutlinedInput-input"
                  disabled={false}
                  id="commisions"
                  name="commisions"
                  onAnimationStart={[Function]}
                  onBlur={[Function]}
                  onChange={[Function]}
                  onFocus={[Function]}
                  required={false}
                  type="number"
                  value={0}
                />
                <fieldset
                  aria-hidden={true}
                  className="PrivateNotchedOutline-root-1 MuiOutlinedInput-notchedOutline"
                >
                  <legend
                    className="PrivateNotchedOutline-legendLabelled-3 PrivateNotchedOutline-legendNotched-4"
                  >
                    <span>
                      Commisions
                    </span>
                  </legend>
                </fieldset>
              </div>
            </div>
          </div>
          <div
            className="sc-pFZIQ gGRcEX"
          >
            <div
              className="MuiFormControl-root MuiTextField-root sc-jrAGrp eaaRfo MuiFormControl-fullWidth"
            >
              <label
                className="MuiFormLabel-root MuiInputLabel-root MuiInputLabel-formControl MuiInputLabel-animated MuiInputLabel-shrink MuiInputLabel-outlined MuiFormLabel-filled"
                data-shrink={true}
                htmlFor="other"
                id="other-label"
              >
                Other income
              </label>
              <div
                className="MuiInputBase-root MuiOutlinedInput-root MuiInputBase-fullWidth MuiInputBase-formControl"
                onClick={[Function]}
              >
                <input
                  aria-invalid={false}
                  autoFocus={false}
                  className="MuiInputBase-input MuiOutlinedInput-input"
                  disabled={false}
                  id="other"
                  name="other"
                  onAnimationStart={[Function]}
                  onBlur={[Function]}
                  onChange={[Function]}
                  onFocus={[Function]}
                  required={false}
                  type="number"
                  value={0}
                />
                <fieldset
                  aria-hidden={true}
                  className="PrivateNotchedOutline-root-1 MuiOutlinedInput-notchedOutline"
                >
                  <legend
                    className="PrivateNotchedOutline-legendLabelled-3 PrivateNotchedOutline-legendNotched-4"
                  >
                    <span>
                      Other income
                    </span>
                  </legend>
                </fieldset>
              </div>
            </div>
          </div>
          <div
            className="sc-gKsewC iTuZaM"
          >
            <div
              className="sc-jSgupP ezvtHG"
            >
              <div>
                Total
              </div>
              <div
                className="sc-eCssSg hpzLwN"
              >
                Â£0
              </div>
            </div>
          </div>
        </div>
      </form>
      <div
        className="sc-dQppl fSlvJA"
      >
        <div
          className="sc-kEjbxe joBWDe"
        >
          Share my results
        </div>
        <div
          className="sc-crrsfI FkAPU"
        >
          <div
            className="sc-iqHYGH bcUONO"
          >
            <svg
              aria-hidden={true}
              className="MuiSvgIcon-root"
              focusable="false"
              viewBox="0 0 24 24"
            >
              <path
                d="M5 3h14a2 2 0 0 1 2 2v14a2 2 0 0 1-2 2H5a2 2 0 0 1-2-2V5a2 2 0 0 1 2-2m13 2h-2.5A3.5 3.5 0 0 0 12 8.5V11h-2v3h2v7h3v-7h3v-3h-3V9a1 1 0 0 1 1-1h2V5z"
              />
            </svg>
          </div>
          <div
            className="sc-iqHYGH bcUONO"
          >
            <svg
              aria-hidden={true}
              className="MuiSvgIcon-root"
              focusable="false"
              viewBox="0 0 24 24"
            >
              <path
                d="M19 3a2 2 0 0 1 2 2v14a2 2 0 0 1-2 2H5a2 2 0 0 1-2-2V5a2 2 0 0 1 2-2h14m-.5 15.5v-5.3a3.26 3.26 0 0 0-3.26-3.26c-.85 0-1.84.52-2.32 1.3v-1.11h-2.79v8.37h2.79v-4.93c0-.77.62-1.4 1.39-1.4a1.4 1.4 0 0 1 1.4 1.4v4.93h2.79M6.88 8.56a1.68 1.68 0 0 0 1.68-1.68c0-.93-.75-1.69-1.68-1.69a1.69 1.69 0 0 0-1.69 1.69c0 .93.76 1.68 1.69 1.68m1.39 9.94v-8.37H5.5v8.37h2.77z"
              />
            </svg>
          </div>
          <div
            className="sc-iqHYGH bcUONO"
          >
            <svg
              aria-hidden={true}
              className="MuiSvgIcon-root"
              focusable="false"
              viewBox="0 0 24 24"
            >
              <path
                d="M9.04 21.54c.96.29 1.93.46 2.96.46a10 10 0 0 0 10-10A10 10 0 0 0 12 2 10 10 0 0 0 2 12c0 4.25 2.67 7.9 6.44 9.34-.09-.78-.18-2.07 0-2.96l1.15-4.94s-.29-.58-.29-1.5c0-1.38.86-2.41 1.84-2.41.86 0 1.26.63 1.26 1.44 0 .86-.57 2.09-.86 3.27-.17.98.52 1.84 1.52 1.84 1.78 0 3.16-1.9 3.16-4.58 0-2.4-1.72-4.04-4.19-4.04-2.82 0-4.48 2.1-4.48 4.31 0 .86.28 1.73.74 2.3.09.06.09.14.06.29l-.29 1.09c0 .17-.11.23-.28.11-1.28-.56-2.02-2.38-2.02-3.85 0-3.16 2.24-6.03 6.56-6.03 3.44 0 6.12 2.47 6.12 5.75 0 3.44-2.13 6.2-5.18 6.2-.97 0-1.92-.52-2.26-1.13l-.67 2.37c-.23.86-.86 2.01-1.29 2.7v-.03z"
              />
            </svg>
          </div>
          <div
            className="sc-iqHYGH bcUONO"
          >
            <svg
              aria-hidden={true}
              className="MuiSvgIcon-root"
              focusable="false"
              viewBox="0 0 24 24"
            >
              <path
                d="M7.8 2h8.4C19.4 2 22 4.6 22 7.8v8.4a5.8 5.8 0 0 1-5.8 5.8H7.8C4.6 22 2 19.4 2 16.2V7.8A5.8 5.8 0 0 1 7.8 2m-.2 2A3.6 3.6 0 0 0 4 7.6v8.8C4 18.39 5.61 20 7.6 20h8.8a3.6 3.6 0 0 0 3.6-3.6V7.6C20 5.61 18.39 4 16.4 4H7.6m9.65 1.5a1.25 1.25 0 0 1 1.25 1.25A1.25 1.25 0 0 1 17.25 8 1.25 1.25 0 0 1 16 6.75a1.25 1.25 0 0 1 1.25-1.25M12 7a5 5 0 0 1 5 5 5 5 0 0 1-5 5 5 5 0 0 1-5-5 5 5 0 0 1 5-5m0 2a3 3 0 0 0-3 3 3 3 0 0 0 3 3 3 3 0 0 0 3-3 3 3 0 0 0-3-3z"
              />
            </svg>
          </div>
          <div
            className="sc-iqHYGH bcUONO"
          >
            <svg
              aria-hidden={true}
              className="MuiSvgIcon-root"
              focusable="false"
              viewBox="0 0 24 24"
            >
              <path
                d="M10 15l5.19-3L10 9v6m11.56-7.83c.13.47.22 1.1.28 1.9.07.8.1 1.49.1 2.09L22 12c0 2.19-.16 3.8-.44 4.83-.25.9-.83 1.48-1.73 1.73-.47.13-1.33.22-2.65.28-1.3.07-2.49.1-3.59.1L12 19c-4.19 0-6.8-.16-7.83-.44-.9-.25-1.48-.83-1.73-1.73-.13-.47-.22-1.1-.28-1.9-.07-.8-.1-1.49-.1-2.09L2 12c0-2.19.16-3.8.44-4.83.25-.9.83-1.48 1.73-1.73.47-.13 1.33-.22 2.65-.28 1.3-.07 2.49-.1 3.59-.1L12 5c4.19 0 6.8.16 7.83.44.9.25 1.48.83 1.73 1.73z"
              />
            </svg>
          </div>
          <div
            className="sc-iqHYGH bcUONO"
          >
            <svg
              aria-hidden={true}
              className="MuiSvgIcon-root"
              focusable="false"
              viewBox="0 0 24 24"
            >
              <path
                d="M20 4H4c-1.1 0-1.99.9-1.99 2L2 18c0 1.1.9 2 2 2h16c1.1 0 2-.9 2-2V6c0-1.1-.9-2-2-2zm0 14H4V8l8 5 8-5v10zm-8-7L4 6h16l-8 5z"
              />
            </svg>
          </div>
          <div
            className="sc-iqHYGH bcUONO"
          >
            <svg
              aria-hidden={true}
              className="MuiSvgIcon-root"
              focusable="false"
              viewBox="0 0 24 24"
            >
              <path
                d="M3.9 12c0-1.71 1.39-3.1 3.1-3.1h4V7H7c-2.76 0-5 2.24-5 5s2.24 5 5 5h4v-1.9H7c-1.71 0-3.1-1.39-3.1-3.1zM8 13h8v-2H8v2zm9-6h-4v1.9h4c1.71 0 3.1 1.39 3.1 3.1s-1.39 3.1-3.1 3.1h-4V17h4c2.76 0 5-2.24 5-5s-2.24-5-5-5z"
              />
            </svg>
          </div>
        </div>
      </div>
    </div>
  </div>
  <div
    className="sc-hBEYos cDidP"
  >
    <div
      className="sc-kstrdz hYJURy"
    >
      Frequently asked questions
    </div>
    <div
      className="MuiPaper-root MuiAccordion-root MuiAccordion-rounded MuiPaper-elevation1 MuiPaper-rounded"
    >
      <div
        aria-controls="panel1a-content"
        aria-disabled={false}
        aria-expanded={false}
        className="MuiButtonBase-root MuiAccordionSummary-root"
        id="panel1a-header"
        onBlur={[Function]}
        onClick={[Function]}
        onDragLeave={[Function]}
        onFocus={[Function]}
        onKeyDown={[Function]}
        onKeyUp={[Function]}
        onMouseDown={[Function]}
        onMouseLeave={[Function]}
        onMouseUp={[Function]}
        onTouchEnd={[Function]}
        onTouchMove={[Function]}
        onTouchStart={[Function]}
        role="button"
        tabIndex={0}
      >
        <div
          className="MuiAccordionSummary-content"
        >
          <p
            className="MuiTypography-root makeStyles-heading-5 MuiTypography-body1"
          >
            Accordion 1
          </p>
        </div>
        <div
          aria-disabled={false}
          aria-hidden={true}
          className="MuiButtonBase-root MuiIconButton-root MuiAccordionSummary-expandIcon MuiIconButton-edgeEnd"
          onBlur={[Function]}
          onDragLeave={[Function]}
          onFocus={[Function]}
          onKeyDown={[Function]}
          onKeyUp={[Function]}
          onMouseDown={[Function]}
          onMouseLeave={[Function]}
          onMouseUp={[Function]}
          onTouchEnd={[Function]}
          onTouchMove={[Function]}
          onTouchStart={[Function]}
          role={null}
          tabIndex={null}
        >
          <span
            className="MuiIconButton-label"
          >
            <svg
              aria-hidden={true}
              className="MuiSvgIcon-root"
              focusable="false"
              viewBox="0 0 24 24"
            >
              <path
                d="M16.59 8.59L12 13.17 7.41 8.59 6 10l6 6 6-6z"
              />
            </svg>
          </span>
        </div>
      </div>
      <div
        className="MuiCollapse-container MuiCollapse-hidden"
        style={
          Object {
            "minHeight": "0px",
          }
        }
      >
        <div
          className="MuiCollapse-wrapper"
        >
          <div
            className="MuiCollapse-wrapperInner"
          >
            <div
              aria-labelledby="panel1a-header"
              id="panel1a-content"
              role="region"
            >
              <div
                className="MuiAccordionDetails-root"
              >
                <p
                  className="MuiTypography-root MuiTypography-body1"
                >
                  Lorem ipsum dolor sit amet, consectetur adipiscing elit. Suspendisse malesuada lacus ex, sit amet blandit leo lobortis eget.
                </p>
              </div>
            </div>
          </div>
        </div>
      </div>
    </div>
    <div
      className="MuiPaper-root MuiAccordion-root MuiAccordion-rounded MuiPaper-elevation1 MuiPaper-rounded"
    >
      <div
        aria-controls="panel2a-content"
        aria-disabled={false}
        aria-expanded={false}
        className="MuiButtonBase-root MuiAccordionSummary-root"
        id="panel2a-header"
        onBlur={[Function]}
        onClick={[Function]}
        onDragLeave={[Function]}
        onFocus={[Function]}
        onKeyDown={[Function]}
        onKeyUp={[Function]}
        onMouseDown={[Function]}
        onMouseLeave={[Function]}
        onMouseUp={[Function]}
        onTouchEnd={[Function]}
        onTouchMove={[Function]}
        onTouchStart={[Function]}
        role="button"
        tabIndex={0}
      >
        <div
          className="MuiAccordionSummary-content"
        >
          <p
            className="MuiTypography-root makeStyles-heading-5 MuiTypography-body1"
          >
            Accordion 2
          </p>
        </div>
        <div
          aria-disabled={false}
          aria-hidden={true}
          className="MuiButtonBase-root MuiIconButton-root MuiAccordionSummary-expandIcon MuiIconButton-edgeEnd"
          onBlur={[Function]}
          onDragLeave={[Function]}
          onFocus={[Function]}
          onKeyDown={[Function]}
          onKeyUp={[Function]}
          onMouseDown={[Function]}
          onMouseLeave={[Function]}
          onMouseUp={[Function]}
          onTouchEnd={[Function]}
          onTouchMove={[Function]}
          onTouchStart={[Function]}
          role={null}
          tabIndex={null}
        >
          <span
            className="MuiIconButton-label"
          >
            <svg
              aria-hidden={true}
              className="MuiSvgIcon-root"
              focusable="false"
              viewBox="0 0 24 24"
            >
              <path
                d="M16.59 8.59L12 13.17 7.41 8.59 6 10l6 6 6-6z"
              />
            </svg>
          </span>
        </div>
      </div>
      <div
        className="MuiCollapse-container MuiCollapse-hidden"
        style={
          Object {
            "minHeight": "0px",
          }
        }
      >
        <div
          className="MuiCollapse-wrapper"
        >
          <div
            className="MuiCollapse-wrapperInner"
          >
            <div
              aria-labelledby="panel2a-header"
              id="panel2a-content"
              role="region"
            >
              <div
                className="MuiAccordionDetails-root"
              >
                <p
                  className="MuiTypography-root MuiTypography-body1"
                >
                  Lorem ipsum dolor sit amet, consectetur adipiscing elit. Suspendisse malesuada lacus ex, sit amet blandit leo lobortis eget.
                </p>
              </div>
            </div>
          </div>
        </div>
      </div>
    </div>
    <div
      className="MuiPaper-root MuiAccordion-root MuiAccordion-rounded MuiPaper-elevation1 MuiPaper-rounded"
    >
      <div
        aria-controls="panel3a-content"
        aria-disabled={false}
        aria-expanded={false}
        className="MuiButtonBase-root MuiAccordionSummary-root"
        id="panel3a-header"
        onBlur={[Function]}
        onClick={[Function]}
        onDragLeave={[Function]}
        onFocus={[Function]}
        onKeyDown={[Function]}
        onKeyUp={[Function]}
        onMouseDown={[Function]}
        onMouseLeave={[Function]}
        onMouseUp={[Function]}
        onTouchEnd={[Function]}
        onTouchMove={[Function]}
        onTouchStart={[Function]}
        role="button"
        tabIndex={0}
      >
        <div
          className="MuiAccordionSummary-content"
        >
          <p
            className="MuiTypography-root makeStyles-heading-5 MuiTypography-body1"
          >
            Disabled Accordion
          </p>
        </div>
        <div
          aria-disabled={false}
          aria-hidden={true}
          className="MuiButtonBase-root MuiIconButton-root MuiAccordionSummary-expandIcon MuiIconButton-edgeEnd"
          onBlur={[Function]}
          onDragLeave={[Function]}
          onFocus={[Function]}
          onKeyDown={[Function]}
          onKeyUp={[Function]}
          onMouseDown={[Function]}
          onMouseLeave={[Function]}
          onMouseUp={[Function]}
          onTouchEnd={[Function]}
          onTouchMove={[Function]}
          onTouchStart={[Function]}
          role={null}
          tabIndex={null}
        >
          <span
            className="MuiIconButton-label"
          >
            <svg
              aria-hidden={true}
              className="MuiSvgIcon-root"
              focusable="false"
              viewBox="0 0 24 24"
            >
              <path
                d="M16.59 8.59L12 13.17 7.41 8.59 6 10l6 6 6-6z"
              />
            </svg>
          </span>
        </div>
      </div>
      <div
        className="MuiCollapse-container MuiCollapse-hidden"
        style={
          Object {
            "minHeight": "0px",
          }
        }
      >
        <div
          className="MuiCollapse-wrapper"
        >
          <div
            className="MuiCollapse-wrapperInner"
          >
            <div
              aria-labelledby="panel3a-header"
              id="panel3a-content"
              role="region"
            />
          </div>
        </div>
      </div>
    </div>
  </div>
</div>
`;
